Δ Constraints <1>
	└➝ Constraint
	┌──────────────┬─────────┐
	│ [Comparator] │ [Index] │
	├──────────────┼─────────┤
	│ Greater      │ 4       │
	└──────────────┴─────────┘
		└➝ X
		┌────────┐
		│ [Name] │
		├────────┤
		│ A      │
		└────────┘
		└➝ Y
		┌────────┐
		│ [Name] │
		├────────┤
		│ D      │
		└────────┘