Δ Constraint
┌──────────────┬─────────┐
│ [Comparator] │ [Index] │
├──────────────┼─────────┤
│ Greater      │ 2       │
└──────────────┴─────────┘
	└➝ X
	┌────────┐
	│ [Name] │
	├────────┤
	│ B      │
	└────────┘
	└➝ Y
	┌────────┐
	│ [Name] │
	├────────┤
	│ C      │
	└────────┘
