Δ Constraint
┌──────────────┬─────────┐
│ [Comparator] │ [Index] │
├──────────────┼─────────┤
│ Smaller      │ 3       │
└──────────────┴─────────┘
	└➝ X
	┌────────┐
	│ [Name] │
	├────────┤
	│ B      │
	└────────┘
	└➝ Y
	┌────────┐
	│ [Name] │
	├────────┤
	│ D      │
	└────────┘
