Δ Constraints <1>
	└➝ Constraint
	┌──────────────┬─────────┐
	│ [Comparator] │ [Index] │
	├──────────────┼─────────┤
	│ Smaller      │ 2       │
	└──────────────┴─────────┘
		└➝ X
		┌────────┐
		│ [Name] │
		├────────┤
		│ C      │
		└────────┘
		└➝ Y
		┌────────┐
		│ [Name] │
		├────────┤
		│ A      │
		└────────┘