Δ Constraints <1>
	└➝ Constraint
	┌──────────────┬─────────┐
	│ [Comparator] │ [Index] │
	├──────────────┼─────────┤
	│ Equals       │ 1       │
	└──────────────┴─────────┘
		└➝ X
		┌────────┐
		│ [Name] │
		├────────┤
		│ A      │
		└────────┘
		└➝ Y
		┌────────┐
		│ [Name] │
		├────────┤
		│ B      │
		└────────┘