Δ Constraint
┌──────────────┬─────────┐
│ [Comparator] │ [Index] │
├──────────────┼─────────┤
│ Greater      │ 4       │
└──────────────┴─────────┘
	└➝ X
	┌────────┐
	│ [Name] │
	├────────┤
	│ A      │
	└────────┘
	└➝ Y
	┌────────┐
	│ [Name] │
	├────────┤
	│ D      │
	└────────┘
