Error Constraint [1]: Constraints must have set two variables. Value null is not allowed!