Error Constraint [1]: Constraint to same variable is not allowed!