Δ Domains <2>
┌────────┬─────────┐
│ [Name] │ [Value] │
├────────┼─────────┤
│ a      │ 0       │
├────────┼─────────┤
│ b_c    │ 1       │
└────────┴─────────┘