Δ Domains <1>
┌────────┬─────────┐
│ [Name] │ [Value] │
├────────┼─────────┤
│ a      │ 0       │
└────────┴─────────┘