Exception message: Variable name must not be empty!