Δ Variables <1>
	└➝ Variable
	┌────────┐
	│ [Name] │
	├────────┤
	│ a      │
	└────────┘