Δ Variables <2>
	└➝ Variable
	┌────────┐
	│ [Name] │
	├────────┤
	│ a      │
	└────────┘
	└➝ Variable
	┌────────┐
	│ [Name] │
	├────────┤
	│ b_c    │
	└────────┘